PS C:\Users\user\Documents\GitHub\FirstCompiler> ./parse.exe
k-(o)
k - o
PS C:\Users\user\Documents\GitHub\FirstCompiler> ./parse.exe
(a)+(j)
a + j
PS C:\Users\user\Documents\GitHub\FirstCompiler> ./parse.exe
((a)+(s))
a + s
PS C:\Users\user\Documents\GitHub\FirstCompiler> ./parse.exe
(A*b)
A * b
PS C:\Users\user\Documents\GitHub\FirstCompiler> ./parse.exe
((9+8)*f)
( 9 + 8 ) * f

PS C:\Users\user\Documents\GitHub\FirstCompiler> ./parse.exe
(((i-UI)))
i - UI
PS C:\Users\user\Documents\GitHub\FirstCompiler> ./parse.exe
jjk * (i + j)
jjk * ( i + j )
PS C:\Users\user\Documents\GitHub\FirstCompiler> ./parse.exe
(ko) * (i +I)
ko
PS C:\Users\user\Documents\GitHub\FirstCompiler> ./parse.exe
(ko) + ( I * K)
ko + I * K

// SDT isn't allowing some strings. Also, Need to output error.

Errors are being displayed..

PS C:\Users\user\Documents\GitHub\FirstCompiler> ./parse.exe
(ko)*(i+o)

Error occured { Can't Accept the string from '*' }
PS C:\Users\user\Documents\GitHub\FirstCompiler> ./parse.exe
()*

Error occured { Can't Accept the string from '*' }
PS C:\Users\user\Documents\GitHub\FirstCompiler> ./parse.exe
(dfS)*90

Error occured { Can't Accept the string from '*' }

// TODO: Make it more general 

PS C:\Users\user\Documents\GitHub\FirstCompiler> ./parse.exe
k -(o)
k - o
PS C:\Users\user\Documents\GitHub\FirstCompiler> ./parse.exe
(ko)*(i+k)
ko * ( i + k )

// Made general.. Errors aren't handled
PS C:\Users\user\Documents\GitHub\FirstCompiler> ./parse.exe
k -(o)
k - o
PS C:\Users\user\Documents\GitHub\FirstCompiler> ./parse.exe
(ko)*(i+k)
ko * ( i + k )

PS C:\Users\user\Documents\GitHub\FirstCompiler> ./rbParser.exe
((ASD*B+d))
ASD * B + d

PS C:\Users\user\Documents\GitHub\FirstCompiler> ./rbParser.exe
(b-d)*s
( b - d ) * s

PS C:\Users\user\Documents\GitHub\FirstCompiler> ./rbParser.exe
(ko) - K*9
ko - K * 9 